Archive member included because of file (symbol)

e:/self_learning/embedded imt/01- embedded systems avr tools/01- imt sdk/imt_sdk_win_64/imt_sdk_win_64/winavr/bin/../lib/gcc/avr/4.3.3/avr5\libgcc.a(_exit.o)
                              e:/self_learning/embedded imt/01- embedded systems avr tools/01- imt sdk/imt_sdk_win_64/imt_sdk_win_64/winavr/bin/../lib/gcc/avr/4.3.3/../../../../avr/lib/avr5/crtm32.o (exit)
e:/self_learning/embedded imt/01- embedded systems avr tools/01- imt sdk/imt_sdk_win_64/imt_sdk_win_64/winavr/bin/../lib/gcc/avr/4.3.3/avr5\libgcc.a(_copy_data.o)
                              ./tasks.o (__do_copy_data)
e:/self_learning/embedded imt/01- embedded systems avr tools/01- imt sdk/imt_sdk_win_64/imt_sdk_win_64/winavr/bin/../lib/gcc/avr/4.3.3/avr5\libgcc.a(_clear_bss.o)
                              ./heap_1.o (__do_clear_bss)
e:/self_learning/embedded imt/01- embedded systems avr tools/01- imt sdk/imt_sdk_win_64/imt_sdk_win_64/winavr/bin/../lib/gcc/avr/4.3.3/../../../../avr/lib/avr5\libc.a(memcpy.o)
                              ./queue.o (memcpy)

Memory Configuration

Name             Origin             Length             Attributes
text             0x00000000         0x00020000         xr
data             0x00800060         0x0000ffa0         rw !x
eeprom           0x00810000         0x00010000         rw !x
fuse             0x00820000         0x00000400         rw !x
lock             0x00830000         0x00000400         rw !x
signature        0x00840000         0x00000400         rw !x
*default*        0x00000000         0xffffffff

Linker script and memory map

LOAD e:/self_learning/embedded imt/01- embedded systems avr tools/01- imt sdk/imt_sdk_win_64/imt_sdk_win_64/winavr/bin/../lib/gcc/avr/4.3.3/../../../../avr/lib/avr5/crtm32.o
LOAD ./DIO_program.o
LOAD ./croutine.o
LOAD ./event_groups.o
LOAD ./heap_1.o
LOAD ./list.o
LOAD ./main.o
LOAD ./port.o
LOAD ./queue.o
LOAD ./tasks.o
LOAD ./timers.o
LOAD e:/self_learning/embedded imt/01- embedded systems avr tools/01- imt sdk/imt_sdk_win_64/imt_sdk_win_64/winavr/bin/../lib/gcc/avr/4.3.3/avr5\libgcc.a
LOAD e:/self_learning/embedded imt/01- embedded systems avr tools/01- imt sdk/imt_sdk_win_64/imt_sdk_win_64/winavr/bin/../lib/gcc/avr/4.3.3/../../../../avr/lib/avr5\libc.a
LOAD e:/self_learning/embedded imt/01- embedded systems avr tools/01- imt sdk/imt_sdk_win_64/imt_sdk_win_64/winavr/bin/../lib/gcc/avr/4.3.3/avr5\libgcc.a

.hash
 *(.hash)

.dynsym
 *(.dynsym)

.dynstr
 *(.dynstr)

.gnu.version
 *(.gnu.version)

.gnu.version_d
 *(.gnu.version_d)

.gnu.version_r
 *(.gnu.version_r)

.rel.init
 *(.rel.init)

.rela.init
 *(.rela.init)

.rel.text
 *(.rel.text)
 *(.rel.text.*)
 *(.rel.gnu.linkonce.t*)

.rela.text
 *(.rela.text)
 *(.rela.text.*)
 *(.rela.gnu.linkonce.t*)

.rel.fini
 *(.rel.fini)

.rela.fini
 *(.rela.fini)

.rel.rodata
 *(.rel.rodata)
 *(.rel.rodata.*)
 *(.rel.gnu.linkonce.r*)

.rela.rodata
 *(.rela.rodata)
 *(.rela.rodata.*)
 *(.rela.gnu.linkonce.r*)

.rel.data
 *(.rel.data)
 *(.rel.data.*)
 *(.rel.gnu.linkonce.d*)

.rela.data
 *(.rela.data)
 *(.rela.data.*)
 *(.rela.gnu.linkonce.d*)

.rel.ctors
 *(.rel.ctors)

.rela.ctors
 *(.rela.ctors)

.rel.dtors
 *(.rel.dtors)

.rela.dtors
 *(.rela.dtors)

.rel.got
 *(.rel.got)

.rela.got
 *(.rela.got)

.rel.bss
 *(.rel.bss)

.rela.bss
 *(.rela.bss)

.rel.plt
 *(.rel.plt)

.rela.plt
 *(.rela.plt)

.text           0x00000000     0x46d6
 *(.vectors)
 .vectors       0x00000000       0x54 e:/self_learning/embedded imt/01- embedded systems avr tools/01- imt sdk/imt_sdk_win_64/imt_sdk_win_64/winavr/bin/../lib/gcc/avr/4.3.3/../../../../avr/lib/avr5/crtm32.o
                0x00000000                __vectors
                0x00000000                __vector_default
 *(.vectors)
 *(.progmem.gcc*)
 *(.progmem*)
                0x00000054                . = ALIGN (0x2)
                0x00000054                __trampolines_start = .
 *(.trampolines)
 .trampolines   0x00000054        0x0 linker stubs
 *(.trampolines*)
                0x00000054                __trampolines_end = .
 *(.jumptables)
 *(.jumptables*)
 *(.lowtext)
 *(.lowtext*)
                0x00000054                __ctors_start = .
 *(.ctors)
                0x00000054                __ctors_end = .
                0x00000054                __dtors_start = .
 *(.dtors)
                0x00000054                __dtors_end = .
 SORT(*)(.ctors)
 SORT(*)(.dtors)
 *(.init0)
 .init0         0x00000054        0x0 e:/self_learning/embedded imt/01- embedded systems avr tools/01- imt sdk/imt_sdk_win_64/imt_sdk_win_64/winavr/bin/../lib/gcc/avr/4.3.3/../../../../avr/lib/avr5/crtm32.o
                0x00000054                __init
 *(.init0)
 *(.init1)
 *(.init1)
 *(.init2)
 .init2         0x00000054        0xc e:/self_learning/embedded imt/01- embedded systems avr tools/01- imt sdk/imt_sdk_win_64/imt_sdk_win_64/winavr/bin/../lib/gcc/avr/4.3.3/../../../../avr/lib/avr5/crtm32.o
 *(.init2)
 *(.init3)
 *(.init3)
 *(.init4)
 .init4         0x00000060       0x16 e:/self_learning/embedded imt/01- embedded systems avr tools/01- imt sdk/imt_sdk_win_64/imt_sdk_win_64/winavr/bin/../lib/gcc/avr/4.3.3/avr5\libgcc.a(_copy_data.o)
                0x00000060                __do_copy_data
 .init4         0x00000076       0x10 e:/self_learning/embedded imt/01- embedded systems avr tools/01- imt sdk/imt_sdk_win_64/imt_sdk_win_64/winavr/bin/../lib/gcc/avr/4.3.3/avr5\libgcc.a(_clear_bss.o)
                0x00000076                __do_clear_bss
 *(.init4)
 *(.init5)
 *(.init5)
 *(.init6)
 *(.init6)
 *(.init7)
 *(.init7)
 *(.init8)
 *(.init8)
 *(.init9)
 .init9         0x00000086        0x8 e:/self_learning/embedded imt/01- embedded systems avr tools/01- imt sdk/imt_sdk_win_64/imt_sdk_win_64/winavr/bin/../lib/gcc/avr/4.3.3/../../../../avr/lib/avr5/crtm32.o
 *(.init9)
 *(.text)
 .text          0x0000008e        0x4 e:/self_learning/embedded imt/01- embedded systems avr tools/01- imt sdk/imt_sdk_win_64/imt_sdk_win_64/winavr/bin/../lib/gcc/avr/4.3.3/../../../../avr/lib/avr5/crtm32.o
                0x0000008e                __vector_1
                0x0000008e                __vector_12
                0x0000008e                __bad_interrupt
                0x0000008e                __vector_6
                0x0000008e                __vector_3
                0x0000008e                __vector_11
                0x0000008e                __vector_13
                0x0000008e                __vector_17
                0x0000008e                __vector_19
                0x0000008e                __vector_5
                0x0000008e                __vector_4
                0x0000008e                __vector_9
                0x0000008e                __vector_2
                0x0000008e                __vector_15
                0x0000008e                __vector_8
                0x0000008e                __vector_14
                0x0000008e                __vector_10
                0x0000008e                __vector_16
                0x0000008e                __vector_18
                0x0000008e                __vector_20
 .text          0x00000092        0x0 ./DIO_program.o
 .text          0x00000092        0x0 ./croutine.o
 .text          0x00000092        0x0 ./event_groups.o
 .text          0x00000092        0x0 ./heap_1.o
 .text          0x00000092        0x0 ./list.o
 .text          0x00000092        0x0 ./main.o
 .text          0x00000092        0x0 ./port.o
 .text          0x00000092        0x0 ./queue.o
 .text          0x00000092        0x0 ./tasks.o
 .text          0x00000092        0x0 ./timers.o
 .text          0x00000092        0x0 e:/self_learning/embedded imt/01- embedded systems avr tools/01- imt sdk/imt_sdk_win_64/imt_sdk_win_64/winavr/bin/../lib/gcc/avr/4.3.3/avr5\libgcc.a(_exit.o)
 .text          0x00000092        0x0 e:/self_learning/embedded imt/01- embedded systems avr tools/01- imt sdk/imt_sdk_win_64/imt_sdk_win_64/winavr/bin/../lib/gcc/avr/4.3.3/avr5\libgcc.a(_copy_data.o)
 .text          0x00000092        0x0 e:/self_learning/embedded imt/01- embedded systems avr tools/01- imt sdk/imt_sdk_win_64/imt_sdk_win_64/winavr/bin/../lib/gcc/avr/4.3.3/avr5\libgcc.a(_clear_bss.o)
 .text          0x00000092        0x0 e:/self_learning/embedded imt/01- embedded systems avr tools/01- imt sdk/imt_sdk_win_64/imt_sdk_win_64/winavr/bin/../lib/gcc/avr/4.3.3/../../../../avr/lib/avr5\libc.a(memcpy.o)
                0x00000092                . = ALIGN (0x2)
 *(.text.*)
 .text.DIO_voidInit
                0x00000092       0x40 ./DIO_program.o
                0x00000092                DIO_voidInit
 .text.DIO_u8SetPinDirection
                0x000000d2      0x256 ./DIO_program.o
                0x000000d2                DIO_u8SetPinDirection
 .text.DIO_u8SetPinValue
                0x00000328      0x254 ./DIO_program.o
                0x00000328                DIO_u8SetPinValue
 .text.DIO_u8GetPinValue
                0x0000057c      0x180 ./DIO_program.o
                0x0000057c                DIO_u8GetPinValue
 .text.DIO_u8SetPortDirection
                0x000006fc      0x144 ./DIO_program.o
                0x000006fc                DIO_u8SetPortDirection
 .text.DIO_u8SetPortValue
                0x00000840       0x90 ./DIO_program.o
                0x00000840                DIO_u8SetPortValue
 .text.DIO_u8GetPortValue
                0x000008d0       0xb0 ./DIO_program.o
                0x000008d0                DIO_u8GetPortValue
 .text.xEventGroupCreate
                0x00000980       0x3e ./event_groups.o
                0x00000980                xEventGroupCreate
 .text.xEventGroupSync
                0x000009be      0x172 ./event_groups.o
                0x000009be                xEventGroupSync
 .text.xEventGroupWaitBits
                0x00000b30      0x18c ./event_groups.o
                0x00000b30                xEventGroupWaitBits
 .text.xEventGroupClearBits
                0x00000cbc       0x6c ./event_groups.o
                0x00000cbc                xEventGroupClearBits
 .text.xEventGroupGetBitsFromISR
                0x00000d28       0x44 ./event_groups.o
                0x00000d28                xEventGroupGetBitsFromISR
 .text.xEventGroupSetBits
                0x00000d6c      0x164 ./event_groups.o
                0x00000d6c                xEventGroupSetBits
 .text.vEventGroupDelete
                0x00000ed0       0x62 ./event_groups.o
                0x00000ed0                vEventGroupDelete
 .text.vEventGroupSetBitsCallback
                0x00000f32       0x3a ./event_groups.o
                0x00000f32                vEventGroupSetBitsCallback
 .text.vEventGroupClearBitsCallback
                0x00000f6c       0x3a ./event_groups.o
                0x00000f6c                vEventGroupClearBitsCallback
 .text.prvTestWaitCondition
                0x00000fa6       0x64 ./event_groups.o
 .text.pvPortMalloc
                0x0000100a       0xac ./heap_1.o
                0x0000100a                pvPortMalloc
 .text.vPortFree
                0x000010b6       0x18 ./heap_1.o
                0x000010b6                vPortFree
 .text.vPortInitialiseBlocks
                0x000010ce       0x16 ./heap_1.o
                0x000010ce                vPortInitialiseBlocks
 .text.xPortGetFreeHeapSize
                0x000010e4       0x1e ./heap_1.o
                0x000010e4                xPortGetFreeHeapSize
 .text.vListInitialise
                0x00001102       0x54 ./list.o
                0x00001102                vListInitialise
 .text.vListInitialiseItem
                0x00001156       0x20 ./list.o
                0x00001156                vListInitialiseItem
 .text.vListInsertEnd
                0x00001176       0x88 ./list.o
                0x00001176                vListInsertEnd
 .text.vListInsert
                0x000011fe       0xd8 ./list.o
                0x000011fe                vListInsert
 .text.uxListRemove
                0x000012d6       0x98 ./list.o
                0x000012d6                uxListRemove
 .text.main     0x0000136e       0x66 ./main.o
                0x0000136e                main
 .text.App_voidRedTask
                0x000013d4       0x40 ./main.o
                0x000013d4                App_voidRedTask
 .text.App_voidGreenTask
                0x00001414       0x40 ./main.o
                0x00001414                App_voidGreenTask
 .text.App_voidBlueTask
                0x00001454       0x40 ./main.o
                0x00001454                App_voidBlueTask
 .text.pxPortInitialiseStack
                0x00001494      0x306 ./port.o
                0x00001494                pxPortInitialiseStack
 .text.xPortStartScheduler
                0x0000179a       0x6a ./port.o
                0x0000179a                xPortStartScheduler
 .text.vPortEndScheduler
                0x00001804        0xe ./port.o
                0x00001804                vPortEndScheduler
 .text.vPortYield
                0x00001812       0xb2 ./port.o
                0x00001812                vPortYield
 .text.vPortYieldFromTick
                0x000018c4       0xba ./port.o
                0x000018c4                vPortYieldFromTick
 .text.prvSetupTimerInterrupt
                0x0000197e       0xb8 ./port.o
 .text.__vector_7
                0x00001a36        0x6 ./port.o
                0x00001a36                __vector_7
 .text.xQueueGenericReset
                0x00001a3c      0x10c ./queue.o
                0x00001a3c                xQueueGenericReset
 .text.xQueueGenericCreate
                0x00001b48       0x96 ./queue.o
                0x00001b48                xQueueGenericCreate
 .text.prvInitialiseNewQueue
                0x00001bde       0x76 ./queue.o
 .text.xQueueGenericSend
                0x00001c54      0x158 ./queue.o
                0x00001c54                xQueueGenericSend
 .text.xQueueGenericSendFromISR
                0x00001dac       0xb8 ./queue.o
                0x00001dac                xQueueGenericSendFromISR
 .text.xQueueGiveFromISR
                0x00001e64       0xa2 ./queue.o
                0x00001e64                xQueueGiveFromISR
 .text.xQueueReceive
                0x00001f06      0x156 ./queue.o
                0x00001f06                xQueueReceive
 .text.xQueueSemaphoreTake
                0x0000205c      0x144 ./queue.o
                0x0000205c                xQueueSemaphoreTake
 .text.xQueuePeek
                0x000021a0      0x164 ./queue.o
                0x000021a0                xQueuePeek
 .text.xQueueReceiveFromISR
                0x00002304       0xae ./queue.o
                0x00002304                xQueueReceiveFromISR
 .text.xQueuePeekFromISR
                0x000023b2       0x72 ./queue.o
                0x000023b2                xQueuePeekFromISR
 .text.uxQueueMessagesWaiting
                0x00002424       0x30 ./queue.o
                0x00002424                uxQueueMessagesWaiting
 .text.uxQueueSpacesAvailable
                0x00002454       0x4a ./queue.o
                0x00002454                uxQueueSpacesAvailable
 .text.uxQueueMessagesWaitingFromISR
                0x0000249e       0x34 ./queue.o
                0x0000249e                uxQueueMessagesWaitingFromISR
 .text.vQueueDelete
                0x000024d2       0x2e ./queue.o
                0x000024d2                vQueueDelete
 .text.prvCopyDataToQueue
                0x00002500      0x14c ./queue.o
 .text.prvCopyDataFromQueue
                0x0000264c       0x8e ./queue.o
 .text.prvUnlockQueue
                0x000026da       0xa6 ./queue.o
 .text.prvIsQueueEmpty
                0x00002780       0x3a ./queue.o
 .text.xQueueIsQueueEmptyFromISR
                0x000027ba       0x3e ./queue.o
                0x000027ba                xQueueIsQueueEmptyFromISR
 .text.prvIsQueueFull
                0x000027f8       0x40 ./queue.o
 .text.xQueueIsQueueFullFromISR
                0x00002838       0x44 ./queue.o
                0x00002838                xQueueIsQueueFullFromISR
 .text.xTaskCreate
                0x0000287c       0xf0 ./tasks.o
                0x0000287c                xTaskCreate
 .text.prvInitialiseNewTask
                0x0000296c      0x178 ./tasks.o
 .text.prvAddNewTaskToReadyList
                0x00002ae4       0xf0 ./tasks.o
 .text.vTaskDelete
                0x00002bd4       0xe4 ./tasks.o
                0x00002bd4                vTaskDelete
 .text.vTaskDelayUntil
                0x00002cb8       0xe4 ./tasks.o
                0x00002cb8                vTaskDelayUntil
 .text.vTaskDelay
                0x00002d9c       0x44 ./tasks.o
                0x00002d9c                vTaskDelay
 .text.uxTaskPriorityGet
                0x00002de0       0x64 ./tasks.o
                0x00002de0                uxTaskPriorityGet
 .text.uxTaskPriorityGetFromISR
                0x00002e44       0x5c ./tasks.o
                0x00002e44                uxTaskPriorityGetFromISR
 .text.vTaskPrioritySet
                0x00002ea0      0x17c ./tasks.o
                0x00002ea0                vTaskPrioritySet
 .text.vTaskSuspend
                0x0000301c       0xe8 ./tasks.o
                0x0000301c                vTaskSuspend
 .text.prvTaskIsTaskSuspended
                0x00003104       0x5e ./tasks.o
 .text.vTaskResume
                0x00003162       0xc8 ./tasks.o
                0x00003162                vTaskResume
 .text.xTaskResumeFromISR
                0x0000322a       0xcc ./tasks.o
                0x0000322a                xTaskResumeFromISR
 .text.vTaskStartScheduler
                0x000032f6       0x64 ./tasks.o
                0x000032f6                vTaskStartScheduler
 .text.vTaskEndScheduler
                0x0000335a       0x18 ./tasks.o
                0x0000335a                vTaskEndScheduler
 .text.vTaskSuspendAll
                0x00003372       0x18 ./tasks.o
                0x00003372                vTaskSuspendAll
 .text.xTaskResumeAll
                0x0000338a      0x13c ./tasks.o
                0x0000338a                xTaskResumeAll
 .text.xTaskGetTickCount
                0x000034c6       0x2e ./tasks.o
                0x000034c6                xTaskGetTickCount
 .text.xTaskGetTickCountFromISR
                0x000034f4       0x2a ./tasks.o
                0x000034f4                xTaskGetTickCountFromISR
 .text.uxTaskGetNumberOfTasks
                0x0000351e       0x12 ./tasks.o
                0x0000351e                uxTaskGetNumberOfTasks
 .text.pcTaskGetName
                0x00003530       0x50 ./tasks.o
                0x00003530                pcTaskGetName
 .text.xTaskCatchUpTicks
                0x00003580       0x42 ./tasks.o
                0x00003580                xTaskCatchUpTicks
 .text.xTaskIncrementTick
                0x000035c2      0x1d2 ./tasks.o
                0x000035c2                xTaskIncrementTick
 .text.vTaskSwitchContext
                0x00003794       0xda ./tasks.o
                0x00003794                vTaskSwitchContext
 .text.vTaskPlaceOnEventList
                0x0000386e       0x44 ./tasks.o
                0x0000386e                vTaskPlaceOnEventList
 .text.vTaskPlaceOnUnorderedEventList
                0x000038b2       0x60 ./tasks.o
                0x000038b2                vTaskPlaceOnUnorderedEventList
 .text.xTaskRemoveFromEventList
                0x00003912       0xd6 ./tasks.o
                0x00003912                xTaskRemoveFromEventList
 .text.vTaskRemoveFromUnorderedEventList
                0x000039e8       0xba ./tasks.o
                0x000039e8                vTaskRemoveFromUnorderedEventList
 .text.vTaskSetTimeOutState
                0x00003aa2       0x3c ./tasks.o
                0x00003aa2                vTaskSetTimeOutState
 .text.vTaskInternalSetTimeOutState
                0x00003ade       0x32 ./tasks.o
                0x00003ade                vTaskInternalSetTimeOutState
 .text.xTaskCheckForTimeOut
                0x00003b10       0xda ./tasks.o
                0x00003b10                xTaskCheckForTimeOut
 .text.vTaskMissedYield
                0x00003bea       0x14 ./tasks.o
                0x00003bea                vTaskMissedYield
 .text.prvIdleTask
                0x00003bfe       0x14 ./tasks.o
 .text.prvInitialiseTaskLists
                0x00003c12       0x82 ./tasks.o
 .text.prvCheckTasksWaitingTermination
                0x00003c94       0x5e ./tasks.o
 .text.prvDeleteTCB
                0x00003cf2       0x2c ./tasks.o
 .text.prvResetNextTaskUnblockTime
                0x00003d1e       0x56 ./tasks.o
 .text.uxTaskResetEventItemValue
                0x00003d74       0x4e ./tasks.o
                0x00003d74                uxTaskResetEventItemValue
 .text.ulTaskNotifyTake
                0x00003dc2       0xee ./tasks.o
                0x00003dc2                ulTaskNotifyTake
 .text.xTaskNotifyWait
                0x00003eb0      0x138 ./tasks.o
                0x00003eb0                xTaskNotifyWait
 .text.xTaskGenericNotify
                0x00003fe8      0x1ba ./tasks.o
                0x00003fe8                xTaskGenericNotify
 .text.xTaskGenericNotifyFromISR
                0x000041a2      0x1f0 ./tasks.o
                0x000041a2                xTaskGenericNotifyFromISR
 .text.vTaskNotifyGiveFromISR
                0x00004392      0x10c ./tasks.o
                0x00004392                vTaskNotifyGiveFromISR
 .text.xTaskNotifyStateClear
                0x0000449e       0x74 ./tasks.o
                0x0000449e                xTaskNotifyStateClear
 .text.ulTaskNotifyValueClear
                0x00004512       0xb6 ./tasks.o
                0x00004512                ulTaskNotifyValueClear
 .text.prvAddCurrentTaskToDelayedList
                0x000045c8       0xf8 ./tasks.o
 .text.libgcc   0x000046c0        0x0 e:/self_learning/embedded imt/01- embedded systems avr tools/01- imt sdk/imt_sdk_win_64/imt_sdk_win_64/winavr/bin/../lib/gcc/avr/4.3.3/avr5\libgcc.a(_exit.o)
 .text.libgcc   0x000046c0        0x0 e:/self_learning/embedded imt/01- embedded systems avr tools/01- imt sdk/imt_sdk_win_64/imt_sdk_win_64/winavr/bin/../lib/gcc/avr/4.3.3/avr5\libgcc.a(_copy_data.o)
 .text.libgcc   0x000046c0        0x0 e:/self_learning/embedded imt/01- embedded systems avr tools/01- imt sdk/imt_sdk_win_64/imt_sdk_win_64/winavr/bin/../lib/gcc/avr/4.3.3/avr5\libgcc.a(_clear_bss.o)
 .text.avr-libc
                0x000046c0       0x12 e:/self_learning/embedded imt/01- embedded systems avr tools/01- imt sdk/imt_sdk_win_64/imt_sdk_win_64/winavr/bin/../lib/gcc/avr/4.3.3/../../../../avr/lib/avr5\libc.a(memcpy.o)
                0x000046c0                memcpy
                0x000046d2                . = ALIGN (0x2)
 *(.fini9)
 .fini9         0x000046d2        0x0 e:/self_learning/embedded imt/01- embedded systems avr tools/01- imt sdk/imt_sdk_win_64/imt_sdk_win_64/winavr/bin/../lib/gcc/avr/4.3.3/avr5\libgcc.a(_exit.o)
                0x000046d2                exit
                0x000046d2                _exit
 *(.fini9)
 *(.fini8)
 *(.fini8)
 *(.fini7)
 *(.fini7)
 *(.fini6)
 *(.fini6)
 *(.fini5)
 *(.fini5)
 *(.fini4)
 *(.fini4)
 *(.fini3)
 *(.fini3)
 *(.fini2)
 *(.fini2)
 *(.fini1)
 *(.fini1)
 *(.fini0)
 .fini0         0x000046d2        0x4 e:/self_learning/embedded imt/01- embedded systems avr tools/01- imt sdk/imt_sdk_win_64/imt_sdk_win_64/winavr/bin/../lib/gcc/avr/4.3.3/avr5\libgcc.a(_exit.o)
 *(.fini0)
                0x000046d6                _etext = .

.data           0x00800060        0x6 load address 0x000046d6
                0x00800060                PROVIDE (__data_start, .)
 *(.data)
 .data          0x00800060        0x0 e:/self_learning/embedded imt/01- embedded systems avr tools/01- imt sdk/imt_sdk_win_64/imt_sdk_win_64/winavr/bin/../lib/gcc/avr/4.3.3/../../../../avr/lib/avr5/crtm32.o
 .data          0x00800060        0x0 ./DIO_program.o
 .data          0x00800060        0x0 ./croutine.o
 .data          0x00800060        0x0 ./event_groups.o
 .data          0x00800060        0x0 ./heap_1.o
 .data          0x00800060        0x0 ./list.o
 .data          0x00800060        0x0 ./main.o
 .data          0x00800060        0x0 ./port.o
 .data          0x00800060        0x0 ./queue.o
 .data          0x00800060        0x5 ./tasks.o
 .data          0x00800065        0x0 ./timers.o
 .data          0x00800065        0x0 e:/self_learning/embedded imt/01- embedded systems avr tools/01- imt sdk/imt_sdk_win_64/imt_sdk_win_64/winavr/bin/../lib/gcc/avr/4.3.3/avr5\libgcc.a(_exit.o)
 .data          0x00800065        0x0 e:/self_learning/embedded imt/01- embedded systems avr tools/01- imt sdk/imt_sdk_win_64/imt_sdk_win_64/winavr/bin/../lib/gcc/avr/4.3.3/avr5\libgcc.a(_copy_data.o)
 .data          0x00800065        0x0 e:/self_learning/embedded imt/01- embedded systems avr tools/01- imt sdk/imt_sdk_win_64/imt_sdk_win_64/winavr/bin/../lib/gcc/avr/4.3.3/avr5\libgcc.a(_clear_bss.o)
 .data          0x00800065        0x0 e:/self_learning/embedded imt/01- embedded systems avr tools/01- imt sdk/imt_sdk_win_64/imt_sdk_win_64/winavr/bin/../lib/gcc/avr/4.3.3/../../../../avr/lib/avr5\libc.a(memcpy.o)
 *(.data*)
 *(.rodata)
 *(.rodata*)
 *(.gnu.linkonce.d*)
                0x00800066                . = ALIGN (0x2)
 *fill*         0x00800065        0x1 00
                0x00800066                _edata = .
                0x00800066                PROVIDE (__data_end, .)

.bss            0x00800066      0x45f
                0x00800066                PROVIDE (__bss_start, .)
 *(.bss)
 .bss           0x00800066        0x0 e:/self_learning/embedded imt/01- embedded systems avr tools/01- imt sdk/imt_sdk_win_64/imt_sdk_win_64/winavr/bin/../lib/gcc/avr/4.3.3/../../../../avr/lib/avr5/crtm32.o
 .bss           0x00800066        0x0 ./DIO_program.o
 .bss           0x00800066        0x0 ./croutine.o
 .bss           0x00800066        0x0 ./event_groups.o
 .bss           0x00800066        0x0 ./heap_1.o
 .bss           0x00800066        0x0 ./list.o
 .bss           0x00800066        0x0 ./main.o
 .bss           0x00800066        0x0 ./port.o
 .bss           0x00800066        0x0 ./queue.o
 .bss           0x00800066        0x0 ./tasks.o
 .bss           0x00800066        0x0 ./timers.o
 .bss           0x00800066        0x0 e:/self_learning/embedded imt/01- embedded systems avr tools/01- imt sdk/imt_sdk_win_64/imt_sdk_win_64/winavr/bin/../lib/gcc/avr/4.3.3/avr5\libgcc.a(_exit.o)
 .bss           0x00800066        0x0 e:/self_learning/embedded imt/01- embedded systems avr tools/01- imt sdk/imt_sdk_win_64/imt_sdk_win_64/winavr/bin/../lib/gcc/avr/4.3.3/avr5\libgcc.a(_copy_data.o)
 .bss           0x00800066        0x0 e:/self_learning/embedded imt/01- embedded systems avr tools/01- imt sdk/imt_sdk_win_64/imt_sdk_win_64/winavr/bin/../lib/gcc/avr/4.3.3/avr5\libgcc.a(_clear_bss.o)
 .bss           0x00800066        0x0 e:/self_learning/embedded imt/01- embedded systems avr tools/01- imt sdk/imt_sdk_win_64/imt_sdk_win_64/winavr/bin/../lib/gcc/avr/4.3.3/../../../../avr/lib/avr5\libc.a(memcpy.o)
 *(.bss*)
 .bss.xNextFreeByte
                0x00800066        0x2 ./heap_1.o
 .bss.pucAlignedHeap.1661
                0x00800068        0x2 ./heap_1.o
 .bss.ucHeap    0x0080006a      0x3e8 ./heap_1.o
 .bss.Local_u8Falg.1597
                0x00800452        0x1 ./main.o
 .bss.Local_u8Falg.1606
                0x00800453        0x1 ./main.o
 .bss.Local_u8Falg.1615
                0x00800454        0x1 ./main.o
 .bss.pxCurrentTCB
                0x00800455        0x2 ./tasks.o
                0x00800455                pxCurrentTCB
 .bss.uxDeletedTasksWaitingCleanUp
                0x00800457        0x1 ./tasks.o
 .bss.uxCurrentNumberOfTasks
                0x00800458        0x1 ./tasks.o
 .bss.xTickCount
                0x00800459        0x2 ./tasks.o
 .bss.uxTopReadyPriority
                0x0080045b        0x1 ./tasks.o
 .bss.xSchedulerRunning
                0x0080045c        0x1 ./tasks.o
 .bss.xPendedTicks
                0x0080045d        0x2 ./tasks.o
 .bss.xYieldPending
                0x0080045f        0x1 ./tasks.o
 .bss.xNumOfOverflows
                0x00800460        0x1 ./tasks.o
 .bss.uxTaskNumber
                0x00800461        0x1 ./tasks.o
 .bss.xNextTaskUnblockTime
                0x00800462        0x2 ./tasks.o
 .bss.xIdleTaskHandle
                0x00800464        0x2 ./tasks.o
 .bss.uxSchedulerSuspended
                0x00800466        0x1 ./tasks.o
 .bss.pxReadyTasksLists
                0x00800467       0x2d ./tasks.o
 .bss.xDelayedTaskList1
                0x00800494        0x9 ./tasks.o
 .bss.xDelayedTaskList2
                0x0080049d        0x9 ./tasks.o
 .bss.pxDelayedTaskList
                0x008004a6        0x2 ./tasks.o
 .bss.pxOverflowDelayedTaskList
                0x008004a8        0x2 ./tasks.o
 .bss.xPendingReadyList
                0x008004aa        0x9 ./tasks.o
 .bss.xTasksWaitingTermination
                0x008004b3        0x9 ./tasks.o
 .bss.xSuspendedTaskList
                0x008004bc        0x9 ./tasks.o
 *(COMMON)
                0x008004c5                PROVIDE (__bss_end, .)
                0x000046d6                __data_load_start = LOADADDR (.data)
                0x000046dc                __data_load_end = (__data_load_start + SIZEOF (.data))

.noinit         0x008004c5        0x0
                0x008004c5                PROVIDE (__noinit_start, .)
 *(.noinit*)
                0x008004c5                PROVIDE (__noinit_end, .)
                0x008004c5                _end = .
                0x008004c5                PROVIDE (__heap_start, .)

.eeprom         0x00810000        0x0
 *(.eeprom*)
                0x00810000                __eeprom_end = .

.fuse
 *(.fuse)
 *(.lfuse)
 *(.hfuse)
 *(.efuse)

.lock
 *(.lock*)

.signature
 *(.signature*)

.stab           0x00000000     0x74b8
 *(.stab)
 .stab          0x00000000      0x8f4 ./DIO_program.o
 .stab          0x000008f4      0x63c ./croutine.o
                                0x648 (size before relaxing)
 .stab          0x00000f30      0xdf8 ./event_groups.o
                               0x1134 (size before relaxing)
 .stab          0x00001d28      0x30c ./heap_1.o
                                0x7d4 (size before relaxing)
 .stab          0x00002034      0x474 ./list.o
                                0x870 (size before relaxing)
 .stab          0x000024a8      0x3a8 ./main.o
                                0x8b8 (size before relaxing)
 .stab          0x00002850      0x840 ./port.o
                                0xcfc (size before relaxing)
 .stab          0x00003090     0x1a88 ./queue.o
                               0x1f50 (size before relaxing)
 .stab          0x00004b18     0x27fc ./tasks.o
                               0x2cf4 (size before relaxing)
 .stab          0x00007314      0x1a4 ./timers.o
                                0x6cc (size before relaxing)

.stabstr        0x00000000     0x4494
 *(.stabstr)
 .stabstr       0x00000000     0x4494 ./DIO_program.o

.stab.excl
 *(.stab.excl)

.stab.exclstr
 *(.stab.exclstr)

.stab.index
 *(.stab.index)

.stab.indexstr
 *(.stab.indexstr)

.comment
 *(.comment)

.debug
 *(.debug)

.line
 *(.line)

.debug_srcinfo
 *(.debug_srcinfo)

.debug_sfnames
 *(.debug_sfnames)

.debug_aranges
 *(.debug_aranges)

.debug_pubnames
 *(.debug_pubnames)

.debug_info
 *(.debug_info)
 *(.gnu.linkonce.wi.*)

.debug_abbrev
 *(.debug_abbrev)

.debug_line
 *(.debug_line)

.debug_frame
 *(.debug_frame)

.debug_str
 *(.debug_str)

.debug_loc
 *(.debug_loc)

.debug_macinfo
 *(.debug_macinfo)
OUTPUT(Free_RTOS_Test.elf elf32-avr)
LOAD linker stubs
