Archive member included because of file (symbol)

e:/self_learning/embedded imt/01- embedded systems avr tools/01- imt sdk/imt_sdk_win_64/imt_sdk_win_64/winavr/bin/../lib/gcc/avr/4.3.3/avr5\libgcc.a(_exit.o)
                              e:/self_learning/embedded imt/01- embedded systems avr tools/01- imt sdk/imt_sdk_win_64/imt_sdk_win_64/winavr/bin/../lib/gcc/avr/4.3.3/../../../../avr/lib/avr5/crtm32.o (exit)
e:/self_learning/embedded imt/01- embedded systems avr tools/01- imt sdk/imt_sdk_win_64/imt_sdk_win_64/winavr/bin/../lib/gcc/avr/4.3.3/avr5\libgcc.a(_clear_bss.o)
                              ./RTO_Program.o (__do_clear_bss)

Allocating common symbols
Common symbol       size              file

RTO_AstrTasks       0x12              ./RTO_Program.o

Memory Configuration

Name             Origin             Length             Attributes
text             0x00000000         0x00020000         xr
data             0x00800060         0x0000ffa0         rw !x
eeprom           0x00810000         0x00010000         rw !x
fuse             0x00820000         0x00000400         rw !x
lock             0x00830000         0x00000400         rw !x
signature        0x00840000         0x00000400         rw !x
*default*        0x00000000         0xffffffff

Linker script and memory map

LOAD e:/self_learning/embedded imt/01- embedded systems avr tools/01- imt sdk/imt_sdk_win_64/imt_sdk_win_64/winavr/bin/../lib/gcc/avr/4.3.3/../../../../avr/lib/avr5/crtm32.o
LOAD ./DIO_program.o
LOAD ./GI_program.o
LOAD ./RTO_Program.o
LOAD ./TIMERS_program.o
LOAD ./main.o
LOAD e:/self_learning/embedded imt/01- embedded systems avr tools/01- imt sdk/imt_sdk_win_64/imt_sdk_win_64/winavr/bin/../lib/gcc/avr/4.3.3/avr5\libgcc.a
LOAD e:/self_learning/embedded imt/01- embedded systems avr tools/01- imt sdk/imt_sdk_win_64/imt_sdk_win_64/winavr/bin/../lib/gcc/avr/4.3.3/../../../../avr/lib/avr5\libc.a
LOAD e:/self_learning/embedded imt/01- embedded systems avr tools/01- imt sdk/imt_sdk_win_64/imt_sdk_win_64/winavr/bin/../lib/gcc/avr/4.3.3/avr5\libgcc.a

.hash
 *(.hash)

.dynsym
 *(.dynsym)

.dynstr
 *(.dynstr)

.gnu.version
 *(.gnu.version)

.gnu.version_d
 *(.gnu.version_d)

.gnu.version_r
 *(.gnu.version_r)

.rel.init
 *(.rel.init)

.rela.init
 *(.rela.init)

.rel.text
 *(.rel.text)
 *(.rel.text.*)
 *(.rel.gnu.linkonce.t*)

.rela.text
 *(.rela.text)
 *(.rela.text.*)
 *(.rela.gnu.linkonce.t*)

.rel.fini
 *(.rel.fini)

.rela.fini
 *(.rela.fini)

.rel.rodata
 *(.rel.rodata)
 *(.rel.rodata.*)
 *(.rel.gnu.linkonce.r*)

.rela.rodata
 *(.rela.rodata)
 *(.rela.rodata.*)
 *(.rela.gnu.linkonce.r*)

.rel.data
 *(.rel.data)
 *(.rel.data.*)
 *(.rel.gnu.linkonce.d*)

.rela.data
 *(.rela.data)
 *(.rela.data.*)
 *(.rela.gnu.linkonce.d*)

.rel.ctors
 *(.rel.ctors)

.rela.ctors
 *(.rela.ctors)

.rel.dtors
 *(.rel.dtors)

.rela.dtors
 *(.rela.dtors)

.rel.got
 *(.rel.got)

.rela.got
 *(.rela.got)

.rel.bss
 *(.rel.bss)

.rela.bss
 *(.rela.bss)

.rel.plt
 *(.rel.plt)

.rela.plt
 *(.rela.plt)

.text           0x00000000     0x1390
 *(.vectors)
 .vectors       0x00000000       0x54 e:/self_learning/embedded imt/01- embedded systems avr tools/01- imt sdk/imt_sdk_win_64/imt_sdk_win_64/winavr/bin/../lib/gcc/avr/4.3.3/../../../../avr/lib/avr5/crtm32.o
                0x00000000                __vectors
                0x00000000                __vector_default
 *(.vectors)
 *(.progmem.gcc*)
 *(.progmem*)
                0x00000054                . = ALIGN (0x2)
                0x00000054                __trampolines_start = .
 *(.trampolines)
 .trampolines   0x00000054        0x0 linker stubs
 *(.trampolines*)
                0x00000054                __trampolines_end = .
 *(.jumptables)
 *(.jumptables*)
 *(.lowtext)
 *(.lowtext*)
                0x00000054                __ctors_start = .
 *(.ctors)
                0x00000054                __ctors_end = .
                0x00000054                __dtors_start = .
 *(.dtors)
                0x00000054                __dtors_end = .
 SORT(*)(.ctors)
 SORT(*)(.dtors)
 *(.init0)
 .init0         0x00000054        0x0 e:/self_learning/embedded imt/01- embedded systems avr tools/01- imt sdk/imt_sdk_win_64/imt_sdk_win_64/winavr/bin/../lib/gcc/avr/4.3.3/../../../../avr/lib/avr5/crtm32.o
                0x00000054                __init
 *(.init0)
 *(.init1)
 *(.init1)
 *(.init2)
 .init2         0x00000054        0xc e:/self_learning/embedded imt/01- embedded systems avr tools/01- imt sdk/imt_sdk_win_64/imt_sdk_win_64/winavr/bin/../lib/gcc/avr/4.3.3/../../../../avr/lib/avr5/crtm32.o
 *(.init2)
 *(.init3)
 *(.init3)
 *(.init4)
 .init4         0x00000060       0x10 e:/self_learning/embedded imt/01- embedded systems avr tools/01- imt sdk/imt_sdk_win_64/imt_sdk_win_64/winavr/bin/../lib/gcc/avr/4.3.3/avr5\libgcc.a(_clear_bss.o)
                0x00000060                __do_clear_bss
 *(.init4)
 *(.init5)
 *(.init5)
 *(.init6)
 *(.init6)
 *(.init7)
 *(.init7)
 *(.init8)
 *(.init8)
 *(.init9)
 .init9         0x00000070        0x8 e:/self_learning/embedded imt/01- embedded systems avr tools/01- imt sdk/imt_sdk_win_64/imt_sdk_win_64/winavr/bin/../lib/gcc/avr/4.3.3/../../../../avr/lib/avr5/crtm32.o
 *(.init9)
 *(.text)
 .text          0x00000078        0x4 e:/self_learning/embedded imt/01- embedded systems avr tools/01- imt sdk/imt_sdk_win_64/imt_sdk_win_64/winavr/bin/../lib/gcc/avr/4.3.3/../../../../avr/lib/avr5/crtm32.o
                0x00000078                __vector_1
                0x00000078                __vector_12
                0x00000078                __bad_interrupt
                0x00000078                __vector_3
                0x00000078                __vector_13
                0x00000078                __vector_17
                0x00000078                __vector_19
                0x00000078                __vector_5
                0x00000078                __vector_4
                0x00000078                __vector_2
                0x00000078                __vector_15
                0x00000078                __vector_14
                0x00000078                __vector_16
                0x00000078                __vector_18
                0x00000078                __vector_20
 .text          0x0000007c        0x0 ./DIO_program.o
 .text          0x0000007c        0x0 ./GI_program.o
 .text          0x0000007c        0x0 ./RTO_Program.o
 .text          0x0000007c        0x0 ./TIMERS_program.o
 .text          0x0000007c        0x0 ./main.o
 .text          0x0000007c        0x0 e:/self_learning/embedded imt/01- embedded systems avr tools/01- imt sdk/imt_sdk_win_64/imt_sdk_win_64/winavr/bin/../lib/gcc/avr/4.3.3/avr5\libgcc.a(_exit.o)
 .text          0x0000007c        0x0 e:/self_learning/embedded imt/01- embedded systems avr tools/01- imt sdk/imt_sdk_win_64/imt_sdk_win_64/winavr/bin/../lib/gcc/avr/4.3.3/avr5\libgcc.a(_clear_bss.o)
                0x0000007c                . = ALIGN (0x2)
 *(.text.*)
 .text.DIO_voidInit
                0x0000007c       0x40 ./DIO_program.o
                0x0000007c                DIO_voidInit
 .text.DIO_u8SetPinDirection
                0x000000bc      0x256 ./DIO_program.o
                0x000000bc                DIO_u8SetPinDirection
 .text.DIO_u8SetPinValue
                0x00000312      0x254 ./DIO_program.o
                0x00000312                DIO_u8SetPinValue
 .text.DIO_u8GetPinValue
                0x00000566      0x180 ./DIO_program.o
                0x00000566                DIO_u8GetPinValue
 .text.DIO_u8SetPortDirection
                0x000006e6      0x144 ./DIO_program.o
                0x000006e6                DIO_u8SetPortDirection
 .text.DIO_u8SetPortValue
                0x0000082a       0x90 ./DIO_program.o
                0x0000082a                DIO_u8SetPortValue
 .text.DIO_u8GetPortValue
                0x000008ba       0xb0 ./DIO_program.o
                0x000008ba                DIO_u8GetPortValue
 .text.GI_voidEnableGI
                0x0000096a       0x1c ./GI_program.o
                0x0000096a                GI_voidEnableGI
 .text.GI_voidDisableGI
                0x00000986       0x1c ./GI_program.o
                0x00000986                GI_voidDisableGI
 .text.RTO_voidInit
                0x000009a2       0x1a ./RTO_Program.o
                0x000009a2                RTO_voidInit
 .text.RTO_u8CreateTask
                0x000009bc       0xb2 ./RTO_Program.o
                0x000009bc                RTO_u8CreateTask
 .text.RTO_voidScheduler
                0x00000a6e       0xea ./RTO_Program.o
 .text.TIMERS_voidTimer0Init
                0x00000b58       0x86 ./TIMERS_program.o
                0x00000b58                TIMERS_voidTimer0Init
 .text.TIMERS_voidTimer1Init
                0x00000bde       0xce ./TIMERS_program.o
                0x00000bde                TIMERS_voidTimer1Init
 .text.TIMERS_voidTimer1SetCompareMatchValueUnitA
                0x00000cac       0x24 ./TIMERS_program.o
                0x00000cac                TIMERS_voidTimer1SetCompareMatchValueUnitA
 .text.TIMERS_voidTimer1SetCompareMatchValueUnitB
                0x00000cd0       0x24 ./TIMERS_program.o
                0x00000cd0                TIMERS_voidTimer1SetCompareMatchValueUnitB
 .text.TIMERS_u8GetTCNT0Value
                0x00000cf4       0x3a ./TIMERS_program.o
                0x00000cf4                TIMERS_u8GetTCNT0Value
 .text.TIMERS_voidTimer0SetCompareMatchValue
                0x00000d2e       0x1c ./TIMERS_program.o
                0x00000d2e                TIMERS_voidTimer0SetCompareMatchValue
 .text.TIMERS_voidTimer1SetICR1Value
                0x00000d4a       0x24 ./TIMERS_program.o
                0x00000d4a                TIMERS_voidTimer1SetICR1Value
 .text.TIMERS_u8GetTCNT1Value
                0x00000d6e       0x3e ./TIMERS_program.o
                0x00000d6e                TIMERS_u8GetTCNT1Value
 .text.TIMERS_u8SetTCNT1Value
                0x00000dac       0x24 ./TIMERS_program.o
                0x00000dac                TIMERS_u8SetTCNT1Value
 .text.TIMERS_u8Timer0SetCallBack
                0x00000dd0       0x3a ./TIMERS_program.o
                0x00000dd0                TIMERS_u8Timer0SetCallBack
 .text.TIMERS_u8Timer0CTCSetCallBack
                0x00000e0a       0x3a ./TIMERS_program.o
                0x00000e0a                TIMERS_u8Timer0CTCSetCallBack
 .text.TIMERS_u8Timer1SetCallBack
                0x00000e44       0x3a ./TIMERS_program.o
                0x00000e44                TIMERS_u8Timer1SetCallBack
 .text.TIMERS_u8Timer1COMPASetCallBack
                0x00000e7e       0x3a ./TIMERS_program.o
                0x00000e7e                TIMERS_u8Timer1COMPASetCallBack
 .text.TIMERS_u8Timer1COMPBSetCallBack
                0x00000eb8       0x3a ./TIMERS_program.o
                0x00000eb8                TIMERS_u8Timer1COMPBSetCallBack
 .text.TIMERS_u8Timer1CAPTSetCallBack
                0x00000ef2       0x3a ./TIMERS_program.o
                0x00000ef2                TIMERS_u8Timer1CAPTSetCallBack
 .text.__vector_9
                0x00000f2c       0x9c ./TIMERS_program.o
                0x00000f2c                __vector_9
 .text.__vector_8
                0x00000fc8       0x90 ./TIMERS_program.o
                0x00000fc8                __vector_8
 .text.__vector_7
                0x00001058       0x90 ./TIMERS_program.o
                0x00001058                __vector_7
 .text.__vector_6
                0x000010e8       0x90 ./TIMERS_program.o
                0x000010e8                __vector_6
 .text.__vector_11
                0x00001178       0x98 ./TIMERS_program.o
                0x00001178                __vector_11
 .text.__vector_10
                0x00001210       0x8e ./TIMERS_program.o
                0x00001210                __vector_10
 .text.main     0x0000129e       0x4c ./main.o
                0x0000129e                main
 .text.App_TaskOne
                0x000012ea       0x36 ./main.o
                0x000012ea                App_TaskOne
 .text.App_TaskTwo
                0x00001320       0x36 ./main.o
                0x00001320                App_TaskTwo
 .text.App_TaskThree
                0x00001356       0x36 ./main.o
                0x00001356                App_TaskThree
 .text.libgcc   0x0000138c        0x0 e:/self_learning/embedded imt/01- embedded systems avr tools/01- imt sdk/imt_sdk_win_64/imt_sdk_win_64/winavr/bin/../lib/gcc/avr/4.3.3/avr5\libgcc.a(_exit.o)
 .text.libgcc   0x0000138c        0x0 e:/self_learning/embedded imt/01- embedded systems avr tools/01- imt sdk/imt_sdk_win_64/imt_sdk_win_64/winavr/bin/../lib/gcc/avr/4.3.3/avr5\libgcc.a(_clear_bss.o)
                0x0000138c                . = ALIGN (0x2)
 *(.fini9)
 .fini9         0x0000138c        0x0 e:/self_learning/embedded imt/01- embedded systems avr tools/01- imt sdk/imt_sdk_win_64/imt_sdk_win_64/winavr/bin/../lib/gcc/avr/4.3.3/avr5\libgcc.a(_exit.o)
                0x0000138c                exit
                0x0000138c                _exit
 *(.fini9)
 *(.fini8)
 *(.fini8)
 *(.fini7)
 *(.fini7)
 *(.fini6)
 *(.fini6)
 *(.fini5)
 *(.fini5)
 *(.fini4)
 *(.fini4)
 *(.fini3)
 *(.fini3)
 *(.fini2)
 *(.fini2)
 *(.fini1)
 *(.fini1)
 *(.fini0)
 .fini0         0x0000138c        0x4 e:/self_learning/embedded imt/01- embedded systems avr tools/01- imt sdk/imt_sdk_win_64/imt_sdk_win_64/winavr/bin/../lib/gcc/avr/4.3.3/avr5\libgcc.a(_exit.o)
 *(.fini0)
                0x00001390                _etext = .

.data           0x00800060        0x0 load address 0x00001390
                0x00800060                PROVIDE (__data_start, .)
 *(.data)
 .data          0x00800060        0x0 e:/self_learning/embedded imt/01- embedded systems avr tools/01- imt sdk/imt_sdk_win_64/imt_sdk_win_64/winavr/bin/../lib/gcc/avr/4.3.3/../../../../avr/lib/avr5/crtm32.o
 .data          0x00800060        0x0 ./DIO_program.o
 .data          0x00800060        0x0 ./GI_program.o
 .data          0x00800060        0x0 ./RTO_Program.o
 .data          0x00800060        0x0 ./TIMERS_program.o
 .data          0x00800060        0x0 ./main.o
 .data          0x00800060        0x0 e:/self_learning/embedded imt/01- embedded systems avr tools/01- imt sdk/imt_sdk_win_64/imt_sdk_win_64/winavr/bin/../lib/gcc/avr/4.3.3/avr5\libgcc.a(_exit.o)
 .data          0x00800060        0x0 e:/self_learning/embedded imt/01- embedded systems avr tools/01- imt sdk/imt_sdk_win_64/imt_sdk_win_64/winavr/bin/../lib/gcc/avr/4.3.3/avr5\libgcc.a(_clear_bss.o)
 *(.data*)
 *(.rodata)
 *(.rodata*)
 *(.gnu.linkonce.d*)
                0x00800060                . = ALIGN (0x2)
                0x00800060                _edata = .
                0x00800060                PROVIDE (__data_end, .)

.bss            0x00800060       0x2d
                0x00800060                PROVIDE (__bss_start, .)
 *(.bss)
 .bss           0x00800060        0x0 e:/self_learning/embedded imt/01- embedded systems avr tools/01- imt sdk/imt_sdk_win_64/imt_sdk_win_64/winavr/bin/../lib/gcc/avr/4.3.3/../../../../avr/lib/avr5/crtm32.o
 .bss           0x00800060        0x0 ./DIO_program.o
 .bss           0x00800060        0x0 ./GI_program.o
 .bss           0x00800060        0x0 ./RTO_Program.o
 .bss           0x00800060        0x0 ./TIMERS_program.o
 .bss           0x00800060        0x0 ./main.o
 .bss           0x00800060        0x0 e:/self_learning/embedded imt/01- embedded systems avr tools/01- imt sdk/imt_sdk_win_64/imt_sdk_win_64/winavr/bin/../lib/gcc/avr/4.3.3/avr5\libgcc.a(_exit.o)
 .bss           0x00800060        0x0 e:/self_learning/embedded imt/01- embedded systems avr tools/01- imt sdk/imt_sdk_win_64/imt_sdk_win_64/winavr/bin/../lib/gcc/avr/4.3.3/avr5\libgcc.a(_clear_bss.o)
 *(.bss*)
 .bss.TIMERS_pfTimer0OVF
                0x00800060        0x2 ./TIMERS_program.o
 .bss.TIMERS_pfTimer0CTC
                0x00800062        0x2 ./TIMERS_program.o
 .bss.TIMERS_pfTimer1OVF
                0x00800064        0x2 ./TIMERS_program.o
 .bss.TIMERS_pfTimer1CTC_COMPA
                0x00800066        0x2 ./TIMERS_program.o
 .bss.TIMERS_pfTimer1CAPT
                0x00800068        0x2 ./TIMERS_program.o
 .bss.TIMERS_pfTimer1CTC_COMPB
                0x0080006a        0x2 ./TIMERS_program.o
 .bss.Local_u16CounterOVF.1432
                0x0080006c        0x2 ./TIMERS_program.o
 .bss.Local_u16CounterCTC.1448
                0x0080006e        0x2 ./TIMERS_program.o
 .bss.Local_u16CounterCTC.1463
                0x00800070        0x2 ./TIMERS_program.o
 .bss.Local_u16CounterCAPT.1478
                0x00800072        0x2 ./TIMERS_program.o
 .bss.Local_u16CounterOVF.1493
                0x00800074        0x2 ./TIMERS_program.o
 .bss.Local_u16CounterCTC.1509
                0x00800076        0x2 ./TIMERS_program.o
 .bss.Local_u8Flag.1345
                0x00800078        0x1 ./main.o
 .bss.Local_u8Flag.1353
                0x00800079        0x1 ./main.o
 .bss.Local_u8Flag.1361
                0x0080007a        0x1 ./main.o
 *(COMMON)
 COMMON         0x0080007b       0x12 ./RTO_Program.o
                0x0080007b                RTO_AstrTasks
                0x0080008d                PROVIDE (__bss_end, .)
                0x00001390                __data_load_start = LOADADDR (.data)
                0x00001390                __data_load_end = (__data_load_start + SIZEOF (.data))

.noinit         0x0080008d        0x0
                0x0080008d                PROVIDE (__noinit_start, .)
 *(.noinit*)
                0x0080008d                PROVIDE (__noinit_end, .)
                0x0080008d                _end = .
                0x0080008d                PROVIDE (__heap_start, .)

.eeprom         0x00810000        0x0
 *(.eeprom*)
                0x00810000                __eeprom_end = .

.fuse
 *(.fuse)
 *(.lfuse)
 *(.hfuse)
 *(.efuse)

.lock
 *(.lock*)

.signature
 *(.signature*)

.stab           0x00000000     0x1d34
 *(.stab)
 .stab          0x00000000      0x8f4 ./DIO_program.o
 .stab          0x000008f4      0x144 ./GI_program.o
                                0x1d4 (size before relaxing)
 .stab          0x00000a38      0x2ac ./RTO_Program.o
                                0x33c (size before relaxing)
 .stab          0x00000ce4      0xbac ./TIMERS_program.o
                                0xc3c (size before relaxing)
 .stab          0x00001890      0x4a4 ./main.o
                                0x534 (size before relaxing)

.stabstr        0x00000000     0x1021
 *(.stabstr)
 .stabstr       0x00000000     0x1021 ./DIO_program.o

.stab.excl
 *(.stab.excl)

.stab.exclstr
 *(.stab.exclstr)

.stab.index
 *(.stab.index)

.stab.indexstr
 *(.stab.indexstr)

.comment
 *(.comment)

.debug
 *(.debug)

.line
 *(.line)

.debug_srcinfo
 *(.debug_srcinfo)

.debug_sfnames
 *(.debug_sfnames)

.debug_aranges
 *(.debug_aranges)

.debug_pubnames
 *(.debug_pubnames)

.debug_info
 *(.debug_info)
 *(.gnu.linkonce.wi.*)

.debug_abbrev
 *(.debug_abbrev)

.debug_line
 *(.debug_line)

.debug_frame
 *(.debug_frame)

.debug_str
 *(.debug_str)

.debug_loc
 *(.debug_loc)

.debug_macinfo
 *(.debug_macinfo)
OUTPUT(RTO_Driver_Test.elf elf32-avr)
LOAD linker stubs
