Archive member included because of file (symbol)

e:/self_learning/embedded imt/01- embedded systems avr tools/01- imt sdk/imt_sdk_win_64/imt_sdk_win_64/winavr/bin/../lib/gcc/avr/4.3.3/avr5\libgcc.a(_mulsi3.o)
                              ./main.o (__mulsi3)
e:/self_learning/embedded imt/01- embedded systems avr tools/01- imt sdk/imt_sdk_win_64/imt_sdk_win_64/winavr/bin/../lib/gcc/avr/4.3.3/avr5\libgcc.a(_udivmodsi4.o)
                              ./main.o (__udivmodsi4)
e:/self_learning/embedded imt/01- embedded systems avr tools/01- imt sdk/imt_sdk_win_64/imt_sdk_win_64/winavr/bin/../lib/gcc/avr/4.3.3/avr5\libgcc.a(_exit.o)
                              e:/self_learning/embedded imt/01- embedded systems avr tools/01- imt sdk/imt_sdk_win_64/imt_sdk_win_64/winavr/bin/../lib/gcc/avr/4.3.3/../../../../avr/lib/avr5/crtm32.o (exit)
e:/self_learning/embedded imt/01- embedded systems avr tools/01- imt sdk/imt_sdk_win_64/imt_sdk_win_64/winavr/bin/../lib/gcc/avr/4.3.3/avr5\libgcc.a(_clear_bss.o)
                              ./ADC_program.o (__do_clear_bss)

Memory Configuration

Name             Origin             Length             Attributes
text             0x00000000         0x00020000         xr
data             0x00800060         0x0000ffa0         rw !x
eeprom           0x00810000         0x00010000         rw !x
fuse             0x00820000         0x00000400         rw !x
lock             0x00830000         0x00000400         rw !x
signature        0x00840000         0x00000400         rw !x
*default*        0x00000000         0xffffffff

Linker script and memory map

LOAD e:/self_learning/embedded imt/01- embedded systems avr tools/01- imt sdk/imt_sdk_win_64/imt_sdk_win_64/winavr/bin/../lib/gcc/avr/4.3.3/../../../../avr/lib/avr5/crtm32.o
LOAD ./ADC_program.o
LOAD ./DIO_program.o
LOAD ./GI_program.o
LOAD ./TIMERS_program.o
LOAD ./main.o
LOAD e:/self_learning/embedded imt/01- embedded systems avr tools/01- imt sdk/imt_sdk_win_64/imt_sdk_win_64/winavr/bin/../lib/gcc/avr/4.3.3/avr5\libgcc.a
LOAD e:/self_learning/embedded imt/01- embedded systems avr tools/01- imt sdk/imt_sdk_win_64/imt_sdk_win_64/winavr/bin/../lib/gcc/avr/4.3.3/../../../../avr/lib/avr5\libc.a
LOAD e:/self_learning/embedded imt/01- embedded systems avr tools/01- imt sdk/imt_sdk_win_64/imt_sdk_win_64/winavr/bin/../lib/gcc/avr/4.3.3/avr5\libgcc.a

.hash
 *(.hash)

.dynsym
 *(.dynsym)

.dynstr
 *(.dynstr)

.gnu.version
 *(.gnu.version)

.gnu.version_d
 *(.gnu.version_d)

.gnu.version_r
 *(.gnu.version_r)

.rel.init
 *(.rel.init)

.rela.init
 *(.rela.init)

.rel.text
 *(.rel.text)
 *(.rel.text.*)
 *(.rel.gnu.linkonce.t*)

.rela.text
 *(.rela.text)
 *(.rela.text.*)
 *(.rela.gnu.linkonce.t*)

.rel.fini
 *(.rel.fini)

.rela.fini
 *(.rela.fini)

.rel.rodata
 *(.rel.rodata)
 *(.rel.rodata.*)
 *(.rel.gnu.linkonce.r*)

.rela.rodata
 *(.rela.rodata)
 *(.rela.rodata.*)
 *(.rela.gnu.linkonce.r*)

.rel.data
 *(.rel.data)
 *(.rel.data.*)
 *(.rel.gnu.linkonce.d*)

.rela.data
 *(.rela.data)
 *(.rela.data.*)
 *(.rela.gnu.linkonce.d*)

.rel.ctors
 *(.rel.ctors)

.rela.ctors
 *(.rela.ctors)

.rel.dtors
 *(.rel.dtors)

.rela.dtors
 *(.rela.dtors)

.rel.got
 *(.rel.got)

.rela.got
 *(.rela.got)

.rel.bss
 *(.rel.bss)

.rela.bss
 *(.rela.bss)

.rel.plt
 *(.rel.plt)

.rela.plt
 *(.rela.plt)

.text           0x00000000     0x1466
 *(.vectors)
 .vectors       0x00000000       0x54 e:/self_learning/embedded imt/01- embedded systems avr tools/01- imt sdk/imt_sdk_win_64/imt_sdk_win_64/winavr/bin/../lib/gcc/avr/4.3.3/../../../../avr/lib/avr5/crtm32.o
                0x00000000                __vectors
                0x00000000                __vector_default
 *(.vectors)
 *(.progmem.gcc*)
 *(.progmem*)
                0x00000054                . = ALIGN (0x2)
                0x00000054                __trampolines_start = .
 *(.trampolines)
 .trampolines   0x00000054        0x0 linker stubs
 *(.trampolines*)
                0x00000054                __trampolines_end = .
 *(.jumptables)
 *(.jumptables*)
 *(.lowtext)
 *(.lowtext*)
                0x00000054                __ctors_start = .
 *(.ctors)
                0x00000054                __ctors_end = .
                0x00000054                __dtors_start = .
 *(.dtors)
                0x00000054                __dtors_end = .
 SORT(*)(.ctors)
 SORT(*)(.dtors)
 *(.init0)
 .init0         0x00000054        0x0 e:/self_learning/embedded imt/01- embedded systems avr tools/01- imt sdk/imt_sdk_win_64/imt_sdk_win_64/winavr/bin/../lib/gcc/avr/4.3.3/../../../../avr/lib/avr5/crtm32.o
                0x00000054                __init
 *(.init0)
 *(.init1)
 *(.init1)
 *(.init2)
 .init2         0x00000054        0xc e:/self_learning/embedded imt/01- embedded systems avr tools/01- imt sdk/imt_sdk_win_64/imt_sdk_win_64/winavr/bin/../lib/gcc/avr/4.3.3/../../../../avr/lib/avr5/crtm32.o
 *(.init2)
 *(.init3)
 *(.init3)
 *(.init4)
 .init4         0x00000060       0x10 e:/self_learning/embedded imt/01- embedded systems avr tools/01- imt sdk/imt_sdk_win_64/imt_sdk_win_64/winavr/bin/../lib/gcc/avr/4.3.3/avr5\libgcc.a(_clear_bss.o)
                0x00000060                __do_clear_bss
 *(.init4)
 *(.init5)
 *(.init5)
 *(.init6)
 *(.init6)
 *(.init7)
 *(.init7)
 *(.init8)
 *(.init8)
 *(.init9)
 .init9         0x00000070        0x8 e:/self_learning/embedded imt/01- embedded systems avr tools/01- imt sdk/imt_sdk_win_64/imt_sdk_win_64/winavr/bin/../lib/gcc/avr/4.3.3/../../../../avr/lib/avr5/crtm32.o
 *(.init9)
 *(.text)
 .text          0x00000078        0x4 e:/self_learning/embedded imt/01- embedded systems avr tools/01- imt sdk/imt_sdk_win_64/imt_sdk_win_64/winavr/bin/../lib/gcc/avr/4.3.3/../../../../avr/lib/avr5/crtm32.o
                0x00000078                __vector_1
                0x00000078                __vector_12
                0x00000078                __bad_interrupt
                0x00000078                __vector_3
                0x00000078                __vector_13
                0x00000078                __vector_17
                0x00000078                __vector_19
                0x00000078                __vector_5
                0x00000078                __vector_4
                0x00000078                __vector_2
                0x00000078                __vector_15
                0x00000078                __vector_14
                0x00000078                __vector_18
                0x00000078                __vector_20
 .text          0x0000007c        0x0 ./ADC_program.o
 .text          0x0000007c        0x0 ./DIO_program.o
 .text          0x0000007c        0x0 ./GI_program.o
 .text          0x0000007c        0x0 ./TIMERS_program.o
 .text          0x0000007c        0x0 ./main.o
 .text          0x0000007c        0x0 e:/self_learning/embedded imt/01- embedded systems avr tools/01- imt sdk/imt_sdk_win_64/imt_sdk_win_64/winavr/bin/../lib/gcc/avr/4.3.3/avr5\libgcc.a(_mulsi3.o)
 .text          0x0000007c        0x0 e:/self_learning/embedded imt/01- embedded systems avr tools/01- imt sdk/imt_sdk_win_64/imt_sdk_win_64/winavr/bin/../lib/gcc/avr/4.3.3/avr5\libgcc.a(_udivmodsi4.o)
 .text          0x0000007c        0x0 e:/self_learning/embedded imt/01- embedded systems avr tools/01- imt sdk/imt_sdk_win_64/imt_sdk_win_64/winavr/bin/../lib/gcc/avr/4.3.3/avr5\libgcc.a(_exit.o)
 .text          0x0000007c        0x0 e:/self_learning/embedded imt/01- embedded systems avr tools/01- imt sdk/imt_sdk_win_64/imt_sdk_win_64/winavr/bin/../lib/gcc/avr/4.3.3/avr5\libgcc.a(_clear_bss.o)
                0x0000007c                . = ALIGN (0x2)
 *(.text.*)
 .text.ADC_voidInit
                0x0000007c       0x7e ./ADC_program.o
                0x0000007c                ADC_voidInit
 .text.ADC_u8GetDigitalValueSynchNonBlocking
                0x000000fa      0x10e ./ADC_program.o
                0x000000fa                ADC_u8GetDigitalValueSynchNonBlocking
 .text.ADC_u8GetDigitalValueAsynch
                0x00000208       0x8c ./ADC_program.o
                0x00000208                ADC_u8GetDigitalValueAsynch
 .text.ADC_u8GetADCRegValue
                0x00000294       0x3e ./ADC_program.o
                0x00000294                ADC_u8GetADCRegValue
 .text.__vector_16
                0x000002d2       0x82 ./ADC_program.o
                0x000002d2                __vector_16
 .text.DIO_voidInit
                0x00000354       0x42 ./DIO_program.o
                0x00000354                DIO_voidInit
 .text.DIO_u8SetPinDirection
                0x00000396      0x256 ./DIO_program.o
                0x00000396                DIO_u8SetPinDirection
 .text.DIO_u8SetPinValue
                0x000005ec      0x254 ./DIO_program.o
                0x000005ec                DIO_u8SetPinValue
 .text.DIO_u8GetPinValue
                0x00000840      0x180 ./DIO_program.o
                0x00000840                DIO_u8GetPinValue
 .text.DIO_u8SetPortDirection
                0x000009c0      0x144 ./DIO_program.o
                0x000009c0                DIO_u8SetPortDirection
 .text.DIO_u8SetPortValue
                0x00000b04       0x90 ./DIO_program.o
                0x00000b04                DIO_u8SetPortValue
 .text.DIO_u8GetPortValue
                0x00000b94       0xb0 ./DIO_program.o
                0x00000b94                DIO_u8GetPortValue
 .text.GI_voidEnableGI
                0x00000c44       0x1c ./GI_program.o
                0x00000c44                GI_voidEnableGI
 .text.GI_voidDisableGI
                0x00000c60       0x1c ./GI_program.o
                0x00000c60                GI_voidDisableGI
 .text.TIMERS_voidTimer0Init
                0x00000c7c       0x86 ./TIMERS_program.o
                0x00000c7c                TIMERS_voidTimer0Init
 .text.TIMERS_voidTimer1Init
                0x00000d02       0xc0 ./TIMERS_program.o
                0x00000d02                TIMERS_voidTimer1Init
 .text.TIMERS_voidTimer1SetCompareMatchValueUnitA
                0x00000dc2       0x24 ./TIMERS_program.o
                0x00000dc2                TIMERS_voidTimer1SetCompareMatchValueUnitA
 .text.TIMERS_voidTimer1SetCompareMatchValueUnitB
                0x00000de6       0x24 ./TIMERS_program.o
                0x00000de6                TIMERS_voidTimer1SetCompareMatchValueUnitB
 .text.TIMERS_u8GetTCNT0Value
                0x00000e0a       0x3a ./TIMERS_program.o
                0x00000e0a                TIMERS_u8GetTCNT0Value
 .text.TIMERS_voidTimer0SetCompareMatchValue
                0x00000e44       0x1c ./TIMERS_program.o
                0x00000e44                TIMERS_voidTimer0SetCompareMatchValue
 .text.TIMERS_voidTimer1SetICR1Value
                0x00000e60       0x24 ./TIMERS_program.o
                0x00000e60                TIMERS_voidTimer1SetICR1Value
 .text.TIMERS_u8Timer0SetCallBack
                0x00000e84       0x3a ./TIMERS_program.o
                0x00000e84                TIMERS_u8Timer0SetCallBack
 .text.TIMERS_u8Timer0CTCSetCallBack
                0x00000ebe       0x3a ./TIMERS_program.o
                0x00000ebe                TIMERS_u8Timer0CTCSetCallBack
 .text.TIMERS_u8Timer1SetCallBack
                0x00000ef8       0x3a ./TIMERS_program.o
                0x00000ef8                TIMERS_u8Timer1SetCallBack
 .text.TIMERS_u8Timer1COMPASetCallBack
                0x00000f32       0x3a ./TIMERS_program.o
                0x00000f32                TIMERS_u8Timer1COMPASetCallBack
 .text.TIMERS_u8Timer1COMPBSetCallBack
                0x00000f6c       0x3a ./TIMERS_program.o
                0x00000f6c                TIMERS_u8Timer1COMPBSetCallBack
 .text.TIMERS_u8Timer1CAPTSetCallBack
                0x00000fa6       0x3a ./TIMERS_program.o
                0x00000fa6                TIMERS_u8Timer1CAPTSetCallBack
 .text.__vector_9
                0x00000fe0       0x9c ./TIMERS_program.o
                0x00000fe0                __vector_9
 .text.__vector_8
                0x0000107c       0x90 ./TIMERS_program.o
                0x0000107c                __vector_8
 .text.__vector_7
                0x0000110c       0x90 ./TIMERS_program.o
                0x0000110c                __vector_7
 .text.__vector_6
                0x0000119c       0x90 ./TIMERS_program.o
                0x0000119c                __vector_6
 .text.__vector_11
                0x0000122c       0x98 ./TIMERS_program.o
                0x0000122c                __vector_11
 .text.__vector_10
                0x000012c4       0x90 ./TIMERS_program.o
                0x000012c4                __vector_10
 .text.main     0x00001354       0x8c ./main.o
                0x00001354                main
 .text.libgcc   0x000013e0       0x3e e:/self_learning/embedded imt/01- embedded systems avr tools/01- imt sdk/imt_sdk_win_64/imt_sdk_win_64/winavr/bin/../lib/gcc/avr/4.3.3/avr5\libgcc.a(_mulsi3.o)
                0x000013e0                __mulsi3
 .text.libgcc   0x0000141e       0x44 e:/self_learning/embedded imt/01- embedded systems avr tools/01- imt sdk/imt_sdk_win_64/imt_sdk_win_64/winavr/bin/../lib/gcc/avr/4.3.3/avr5\libgcc.a(_udivmodsi4.o)
                0x0000141e                __udivmodsi4
 .text.libgcc   0x00001462        0x0 e:/self_learning/embedded imt/01- embedded systems avr tools/01- imt sdk/imt_sdk_win_64/imt_sdk_win_64/winavr/bin/../lib/gcc/avr/4.3.3/avr5\libgcc.a(_exit.o)
 .text.libgcc   0x00001462        0x0 e:/self_learning/embedded imt/01- embedded systems avr tools/01- imt sdk/imt_sdk_win_64/imt_sdk_win_64/winavr/bin/../lib/gcc/avr/4.3.3/avr5\libgcc.a(_clear_bss.o)
                0x00001462                . = ALIGN (0x2)
 *(.fini9)
 .fini9         0x00001462        0x0 e:/self_learning/embedded imt/01- embedded systems avr tools/01- imt sdk/imt_sdk_win_64/imt_sdk_win_64/winavr/bin/../lib/gcc/avr/4.3.3/avr5\libgcc.a(_exit.o)
                0x00001462                exit
                0x00001462                _exit
 *(.fini9)
 *(.fini8)
 *(.fini8)
 *(.fini7)
 *(.fini7)
 *(.fini6)
 *(.fini6)
 *(.fini5)
 *(.fini5)
 *(.fini4)
 *(.fini4)
 *(.fini3)
 *(.fini3)
 *(.fini2)
 *(.fini2)
 *(.fini1)
 *(.fini1)
 *(.fini0)
 .fini0         0x00001462        0x4 e:/self_learning/embedded imt/01- embedded systems avr tools/01- imt sdk/imt_sdk_win_64/imt_sdk_win_64/winavr/bin/../lib/gcc/avr/4.3.3/avr5\libgcc.a(_exit.o)
 *(.fini0)
                0x00001466                _etext = .

.data           0x00800060        0x0 load address 0x00001466
                0x00800060                PROVIDE (__data_start, .)
 *(.data)
 .data          0x00800060        0x0 e:/self_learning/embedded imt/01- embedded systems avr tools/01- imt sdk/imt_sdk_win_64/imt_sdk_win_64/winavr/bin/../lib/gcc/avr/4.3.3/../../../../avr/lib/avr5/crtm32.o
 .data          0x00800060        0x0 ./ADC_program.o
 .data          0x00800060        0x0 ./DIO_program.o
 .data          0x00800060        0x0 ./GI_program.o
 .data          0x00800060        0x0 ./TIMERS_program.o
 .data          0x00800060        0x0 ./main.o
 .data          0x00800060        0x0 e:/self_learning/embedded imt/01- embedded systems avr tools/01- imt sdk/imt_sdk_win_64/imt_sdk_win_64/winavr/bin/../lib/gcc/avr/4.3.3/avr5\libgcc.a(_mulsi3.o)
 .data          0x00800060        0x0 e:/self_learning/embedded imt/01- embedded systems avr tools/01- imt sdk/imt_sdk_win_64/imt_sdk_win_64/winavr/bin/../lib/gcc/avr/4.3.3/avr5\libgcc.a(_udivmodsi4.o)
 .data          0x00800060        0x0 e:/self_learning/embedded imt/01- embedded systems avr tools/01- imt sdk/imt_sdk_win_64/imt_sdk_win_64/winavr/bin/../lib/gcc/avr/4.3.3/avr5\libgcc.a(_exit.o)
 .data          0x00800060        0x0 e:/self_learning/embedded imt/01- embedded systems avr tools/01- imt sdk/imt_sdk_win_64/imt_sdk_win_64/winavr/bin/../lib/gcc/avr/4.3.3/avr5\libgcc.a(_clear_bss.o)
 *(.data*)
 *(.rodata)
 *(.rodata*)
 *(.gnu.linkonce.d*)
                0x00800060                . = ALIGN (0x2)
                0x00800060                _edata = .
                0x00800060                PROVIDE (__data_end, .)

.bss            0x00800060       0x1b
                0x00800060                PROVIDE (__bss_start, .)
 *(.bss)
 .bss           0x00800060        0x0 e:/self_learning/embedded imt/01- embedded systems avr tools/01- imt sdk/imt_sdk_win_64/imt_sdk_win_64/winavr/bin/../lib/gcc/avr/4.3.3/../../../../avr/lib/avr5/crtm32.o
 .bss           0x00800060        0x0 ./ADC_program.o
 .bss           0x00800060        0x0 ./DIO_program.o
 .bss           0x00800060        0x0 ./GI_program.o
 .bss           0x00800060        0x0 ./TIMERS_program.o
 .bss           0x00800060        0x0 ./main.o
 .bss           0x00800060        0x0 e:/self_learning/embedded imt/01- embedded systems avr tools/01- imt sdk/imt_sdk_win_64/imt_sdk_win_64/winavr/bin/../lib/gcc/avr/4.3.3/avr5\libgcc.a(_mulsi3.o)
 .bss           0x00800060        0x0 e:/self_learning/embedded imt/01- embedded systems avr tools/01- imt sdk/imt_sdk_win_64/imt_sdk_win_64/winavr/bin/../lib/gcc/avr/4.3.3/avr5\libgcc.a(_udivmodsi4.o)
 .bss           0x00800060        0x0 e:/self_learning/embedded imt/01- embedded systems avr tools/01- imt sdk/imt_sdk_win_64/imt_sdk_win_64/winavr/bin/../lib/gcc/avr/4.3.3/avr5\libgcc.a(_exit.o)
 .bss           0x00800060        0x0 e:/self_learning/embedded imt/01- embedded systems avr tools/01- imt sdk/imt_sdk_win_64/imt_sdk_win_64/winavr/bin/../lib/gcc/avr/4.3.3/avr5\libgcc.a(_clear_bss.o)
 *(.bss*)
 .bss.ADC_pfNotification
                0x00800060        0x2 ./ADC_program.o
 .bss.ADC_u8BusyFlag
                0x00800062        0x1 ./ADC_program.o
 .bss.TIMERS_pfTimer0OVF
                0x00800063        0x2 ./TIMERS_program.o
 .bss.TIMERS_pfTimer0CTC
                0x00800065        0x2 ./TIMERS_program.o
 .bss.TIMERS_pfTimer1OVF
                0x00800067        0x2 ./TIMERS_program.o
 .bss.TIMERS_pfTimer1CTC_COMPA
                0x00800069        0x2 ./TIMERS_program.o
 .bss.TIMERS_pfTimer1CAPT
                0x0080006b        0x2 ./TIMERS_program.o
 .bss.TIMERS_pfTimer1CTC_COMPB
                0x0080006d        0x2 ./TIMERS_program.o
 .bss.Local_u16CounterOVF.1409
                0x0080006f        0x2 ./TIMERS_program.o
 .bss.Local_u16CounterCTC.1425
                0x00800071        0x2 ./TIMERS_program.o
 .bss.Local_u16CounterCTC.1440
                0x00800073        0x2 ./TIMERS_program.o
 .bss.Local_u16CounterCAPT.1455
                0x00800075        0x2 ./TIMERS_program.o
 .bss.Local_u16CounterOVF.1470
                0x00800077        0x2 ./TIMERS_program.o
 .bss.Local_u16CounterCTC.1486
                0x00800079        0x2 ./TIMERS_program.o
 *(COMMON)
                0x0080007b                PROVIDE (__bss_end, .)
                0x00001466                __data_load_start = LOADADDR (.data)
                0x00001466                __data_load_end = (__data_load_start + SIZEOF (.data))

.noinit         0x0080007b        0x0
                0x0080007b                PROVIDE (__noinit_start, .)
 *(.noinit*)
                0x0080007b                PROVIDE (__noinit_end, .)
                0x0080007b                _end = .
                0x0080007b                PROVIDE (__heap_start, .)

.eeprom         0x00810000        0x0
 *(.eeprom*)
                0x00810000                __eeprom_end = .

.fuse
 *(.fuse)
 *(.lfuse)
 *(.hfuse)
 *(.efuse)

.lock
 *(.lock*)

.signature
 *(.signature*)

.stab           0x00000000     0x1cbc
 *(.stab)
 .stab          0x00000000      0x4f8 ./ADC_program.o
 .stab          0x000004f8      0x864 ./DIO_program.o
                                0x8f4 (size before relaxing)
 .stab          0x00000d5c      0x144 ./GI_program.o
                                0x1d4 (size before relaxing)
 .stab          0x00000ea0      0xad4 ./TIMERS_program.o
                                0xb64 (size before relaxing)
 .stab          0x00001974      0x348 ./main.o
                                0x3d8 (size before relaxing)

.stabstr        0x00000000      0xf92
 *(.stabstr)
 .stabstr       0x00000000      0xf92 ./ADC_program.o

.stab.excl
 *(.stab.excl)

.stab.exclstr
 *(.stab.exclstr)

.stab.index
 *(.stab.index)

.stab.indexstr
 *(.stab.indexstr)

.comment
 *(.comment)

.debug
 *(.debug)

.line
 *(.line)

.debug_srcinfo
 *(.debug_srcinfo)

.debug_sfnames
 *(.debug_sfnames)

.debug_aranges
 *(.debug_aranges)

.debug_pubnames
 *(.debug_pubnames)

.debug_info
 *(.debug_info)
 *(.gnu.linkonce.wi.*)

.debug_abbrev
 *(.debug_abbrev)

.debug_line
 *(.debug_line)

.debug_frame
 *(.debug_frame)

.debug_str
 *(.debug_str)

.debug_loc
 *(.debug_loc)

.debug_macinfo
 *(.debug_macinfo)
OUTPUT(ServoPot_Control.elf elf32-avr)
LOAD linker stubs
